---
source: puck_liveview/src/dom/element/diff/test_diffing.rs
expression: c

---
Changeset {
    ops: [
        Op {
            id: "9",
            instruction: CreateTag {
                name: "div",
                parent_id: Some(
                    "0",
                ),
            },
        },
        Op {
            id: "9",
            instruction: SetAttribute {
                key: "class",
                value: "message-container",
            },
        },
        Op {
            id: "8",
            instruction: CreateTag {
                name: "p",
                parent_id: Some(
                    "9",
                ),
            },
        },
        Op {
            id: "8",
            instruction: SetAttribute {
                key: "class",
                value: "message-sent-at",
            },
        },
        Op {
            id: "8",
            instruction: SetText {
                value: "1970-01-25 06:34:13",
            },
        },
        Op {
            id: "6",
            instruction: CreateTag {
                name: "p",
                parent_id: Some(
                    "9",
                ),
            },
        },
        Op {
            id: "6",
            instruction: SetAttribute {
                key: "class",
                value: "message-author",
            },
        },
        Op {
            id: "6",
            instruction: SetText {
                value: "[username not set]",
            },
        },
        Op {
            id: "7",
            instruction: CreateTag {
                name: "p",
                parent_id: Some(
                    "9",
                ),
            },
        },
        Op {
            id: "7",
            instruction: SetAttribute {
                key: "class",
                value: "message-contents",
            },
        },
        Op {
            id: "7",
            instruction: SetText {
                value: "sending message",
            },
        },
    ],
}
