---
source: puck_liveview/src/dom/element/diff/test_diffing.rs
expression: c

---
Changeset {
    ops: [
        Op {
            id: "3",
            instruction: SetId {
                value: "2",
            },
        },
        Op {
            id: "3",
            instruction: InsertBefore {
                before_id: "2",
            },
        },
    ],
}
